<html>
<body>
<pre>
<h1>µVision Build Log</h1>
<h2>Tool Versions:</h2>
IDE-Version: ¦ÌVision V5.34.0.0
Copyright (C) 2021 ARM Ltd and ARM Germany GmbH. All rights reserved.
License Information: 5 5, 5, LIC=JL28G-VZYUP-X70RZ-JUS9K-B3KTT-B2M33
 
Tool Versions:
Toolchain:       MDK-ARM Plus  Version: 5.34.0.0
Toolchain Path:  C:\Software\Keil_v5\ARM\ARMCLANG\Bin
C Compiler:      ArmClang.exe V6.16
Assembler:       Armasm.exe V6.16
Linker/Locator:  ArmLink.exe V6.16
Library Manager: ArmAr.exe V6.16
Hex Converter:   FromElf.exe V6.16
CPU DLL:         
Dialog DLL:      
Target DLL:      CMSIS_AGDI_V8M.DLL V1.6.19.0
Dialog DLL:      TCM.DLL V1.48.0.0
 
<h2>Project:</h2>
Z:\509-mcu\509test\FR309x-SDK-v0.2.4_20251121_uart_trans\examples\application\btdm_audio\MDK-ARM\Project.uvprojx
Project File Date:  11/21/2025

<h2>Output:</h2>
*** Using Compiler 'V6.16', folder: 'C:\Software\Keil_v5\ARM\ARMCLANG\Bin'
Rebuild target 'Project'
compiling app_ble.c...
compiling app_btdm.c...
compiling app_bt.c...
compiling app_rpmsg.c...
compiling main.c...
compiling app_audio.c...
compiling app_task.c...
../Src/app_at.c(481): warning: passing 'char [15]' to parameter of type 'const uint8_t *' (aka 'const unsigned char *') converts between pointers to integer types where one is of the unique plain 'char' type and the other is not [-Wpointer-sign]
            ME_SetLocalDeviceName("FR30xx_SDK_APP", 15);            
                                  ^~~~~~~~~~~~~~~~
../../../../components/btdm/include/me_api.h(2693): note: passing argument to parameter 'name' here
BtStatus ME_SetLocalDeviceName(const uint8_t *name, uint8_t len);
                                              ^
1 warning generated.
compiling app_at.c...
compiling diskio.c...
compiling sbc_sample.c...
compiling app_hid_sdp.c...
compiling py_uart_trans.c...
compiling simple_gatt_service.c...
compiling hid_service.c...
compiling mp3_sample.c...
compiling ANCS_AMS_client.c...
compiling AMS_client.c...
compiling user_bt.c...
compiling btdm_mem.c...
assembling controller_code.s...
assembling dsp_code_flash.s...
compiling controller.c...
assembling dsp_code_rom.s...
assembling startup_fr30xx.s...
compiling host.c...
compiling SWD.c...
compiling fal_flash_port.c...
compiling fdb_app.c...
compiling system_fr30xx.c...
compiling driver_cali.c...
compiling trim_fr30xx.c...
compiling driver_efuse.c...
compiling driver_frspim.c...
compiling driver_codec.c...
compiling driver_flash.c...
compiling driver_ipc.c...
compiling driver_i2s.c...
compiling driver_pdm.c...
compiling driver_gpio.c...
compiling driver_pmu_iwdt.c...
compiling driver_pmu.c...
compiling driver_qspi.c...
compiling driver_spdif.c...
compiling driver_trng.c...
compiling driver_uart.c...
compiling driver_sd_card.c...
compiling driver_sd.c...
compiling algorithm.c...
compiling codec.c...
compiling resample.c...
compiling audio_rpmsg.c...
compiling audio_encoder.c...
compiling audio_a2dp_sink.c...
compiling audio_hw.c...
compiling audio_scene.c...
compiling audio_a2dp_source.c...
../../../../components/modules/audio/audio_decoder.c(72): warning: null passed to a callee that requires a non-null argument [-Wnonnull]
   fputc(hex2char[(value >> 12)&0xf], NULL);
                                      ~~~~^
../../../../components/modules/audio/audio_decoder.c(73): warning: null passed to a callee that requires a non-null argument [-Wnonnull]
   fputc(hex2char[(value >> 8)&0xf], NULL);
                                     ~~~~^
../../../../components/modules/audio/audio_decoder.c(74): warning: null passed to a callee that requires a non-null argument [-Wnonnull]
   fputc(hex2char[(value >> 4)&0xf], NULL);
                                     ~~~~^
../../../../components/modules/audio/audio_decoder.c(75): warning: null passed to a callee that requires a non-null argument [-Wnonnull]
   fputc(hex2char[(value >> 0)&0xf], NULL);
                                     ~~~~^
4 warnings generated.
compiling audio_decoder.c...
compiling audio_sco.c...
compiling local_playback.c...
compiling co_log.c...
compiling crc32.c...
compiling co_util.c...
compiling co_list.c...
compiling ext_flash_program.c...
compiling dsp_mem.c...
compiling ffsystem.c...
compiling dsp.c...
compiling ffunicode.c...
compiling fal.c...
compiling fal_flash.c...
compiling fal_partition.c...
compiling fdb.c...
compiling croutine.c...
compiling fdb_utils.c...
compiling event_groups.c...
compiling ff.c...
compiling list.c...
compiling fdb_kvdb.c...
compiling portasm.c...
compiling stream_buffer.c...
compiling queue.c...
compiling timers.c...
compiling port.c...
assembling cpu_context.s...
compiling freertos_sleep.c...
compiling heap_6.c...
compiling rpmsg_queue.c...
compiling rpmsg_lite.c...
compiling heap.c...
compiling rpmsg.c...
compiling tasks.c...
compiling llist.c...
compiling rpmsg_env_freertos.c...
compiling retarget_io.c...
compiling virtqueue.c...
compiling rpmsg_platform.c...
linking...
..\..\..\..\components\tools\keil\xip_flash_fr3092e.sct(13): warning: L6329W: Pattern *(ram_code_front) only matches removed unused sections.
Program Size: Code=337924 RO-data=450772 RW-data=32836 ZI-data=294852  
Finished: 0 information, 1 warning and 0 error messages.
After Build - User command #1: "..\..\..\..\components\tools\keil\post_process.bat" "Project" "Z:\509-mcu\509test\FR309x-SDK-v0.2.4_20251121_uart_trans\examples\application\btdm_audio\MDK-ARM\Objects\Project.axf" "C:\Software\Keil_v5\ARM\ARMCLANG\include"
20260205
15:57:16.32
program target with file Z:\509-mcu\509test\FR309x-SDK-v0.2.4_20251121_uart_trans\examples\application\btdm_audio\MDK-ARM\output/Project_burn.bin
".\Objects\Project.axf" - 0 Error(s), 6 Warning(s).

<h2>Software Packages used:</h2>

Package Vendor: ARM
                http://www.keil.com/pack/ARM.CMSIS.5.7.0.pack
                ARM.CMSIS.5.7.0
                CMSIS (Cortex Microcontroller Software Interface Standard)

Package Vendor: Keil
                http://www.keil.com/pack/Keil.ARM_Compiler.1.6.3.pack
                Keil.ARM_Compiler.1.6.3
                Keil ARM Compiler extensions for ARM Compiler 5 and ARM Compiler 6
   * Component: STDERR Variant: Breakpoint Version: 1.2.0

<h2>Collection of Component include folders:</h2>
  .\RTE\_Project
  C:\Software\Keil_v5\Arm\Packs\ARM\CMSIS\5.7.0\Device\ARM\ARMCM33\Include

<h2>Collection of Component Files used:</h2>

   * Component: Keil.ARM Compiler::Compiler:I/O:STDERR:Breakpoint:1.2.0
      Source file:   Source\retarget_io.c
Build Time Elapsed:  00:00:11
</pre>
</body>
</html>
