<html>
<body>
<pre>
<h1>µVision Build Log</h1>
<h2>Tool Versions:</h2>
IDE-Version: ¦ÌVision V5.34.0.0
Copyright (C) 2021 ARM Ltd and ARM Germany GmbH. All rights reserved.
License Information: 5 5, 5, LIC=JL28G-VZYUP-X70RZ-JUS9K-B3KTT-B2M33
 
Tool Versions:
Toolchain:       MDK-ARM Plus  Version: 5.34.0.0
Toolchain Path:  C:\Software\Keil_v5\ARM\ARMCLANG\Bin
C Compiler:      ArmClang.exe V6.16
Assembler:       Armasm.exe V6.16
Linker/Locator:  ArmLink.exe V6.16
Library Manager: ArmAr.exe V6.16
Hex Converter:   FromElf.exe V6.16
CPU DLL:         
Dialog DLL:      
Target DLL:      CMSIS_AGDI_V8M.DLL V1.6.19.0
Dialog DLL:      TCM.DLL V1.48.0.0
 
<h2>Project:</h2>
Z:\509-mcu\509test\FR309x-SDK-v0.2.4_20251121_uart_trans\examples\application\btdm_audio\MDK-ARM\Project.uvprojx
Project File Date:  11/21/2025

<h2>Output:</h2>
*** Using Compiler 'V6.16', folder: 'C:\Software\Keil_v5\ARM\ARMCLANG\Bin'
Build target 'Project'
../Src/py_uart_trans.c(13): warning: type specifier missing, defaults to 'int' [-Wimplicit-int]
static const crc32_table[] =
~~~~~~~~~~~~ ^
../Src/py_uart_trans.c(165): warning: implicit declaration of function 'ascii_strn2val' is invalid in C99 [-Wimplicit-function-declaration]
        ptr->file_size = ascii_strn2val(tem_str, 10, size_len);
                         ^
../Src/py_uart_trans.c(240): warning: incompatible pointer types passing 'py_uart_t *' to parameter of type 'const uint8_t *' (aka 'const unsigned char *') [-Wincompatible-pointer-types]
    crc = crc32_compute(ptr, 2, crc);
                        ^~~
../Src/py_uart_trans.h(45): note: passing argument to parameter 'buf' here
static uint32_t crc32_compute(const uint8_t *buf, size_t len, uint32_t crc);
                                             ^
3 warnings generated.
compiling py_uart_trans.c...
linking...
..\..\..\..\components\tools\keil\xip_flash_fr3092e.sct(13): warning: L6329W: Pattern *(ram_code_front) only matches removed unused sections.
Program Size: Code=337788 RO-data=450772 RW-data=32836 ZI-data=294852  
Finished: 0 information, 1 warning and 0 error messages.
After Build - User command #1: "..\..\..\..\components\tools\keil\post_process.bat" "Project" "Z:\509-mcu\509test\FR309x-SDK-v0.2.4_20251121_uart_trans\examples\application\btdm_audio\MDK-ARM\Objects\Project.axf" "C:\Software\Keil_v5\ARM\ARMCLANG\include"
20251124
13:13:10.76
program target with file Z:\509-mcu\509test\FR309x-SDK-v0.2.4_20251121_uart_trans\examples\application\btdm_audio\MDK-ARM\output/Project_burn.bin
".\Objects\Project.axf" - 0 Error(s), 4 Warning(s).

<h2>Software Packages used:</h2>

Package Vendor: ARM
                http://www.keil.com/pack/ARM.CMSIS.5.7.0.pack
                ARM.CMSIS.5.7.0
                CMSIS (Cortex Microcontroller Software Interface Standard)

Package Vendor: Keil
                http://www.keil.com/pack/Keil.ARM_Compiler.1.6.3.pack
                Keil.ARM_Compiler.1.6.3
                Keil ARM Compiler extensions for ARM Compiler 5 and ARM Compiler 6
   * Component: STDERR Variant: Breakpoint Version: 1.2.0

<h2>Collection of Component include folders:</h2>
  .\RTE\_Project
  C:\Software\Keil_v5\Arm\Packs\ARM\CMSIS\5.7.0\Device\ARM\ARMCM33\Include

<h2>Collection of Component Files used:</h2>

   * Component: Keil.ARM Compiler::Compiler:I/O:STDERR:Breakpoint:1.2.0
      Source file:   Source\retarget_io.c
Build Time Elapsed:  00:00:07
</pre>
</body>
</html>
